// Jest Snapshot v1, https://goo.gl/fbAQLP

exports[`Pruebas del componente <GifItem /> Debe hacer match con el snapshot 1`] = `
<div>
  <div
    class="rounded-lg overflow-hidden bg-gray-200 flex flex-col justify-between"
  >
    <img
      alt="OnePunch"
      src="https://onepunch.com/"
    />
    <p
      class="p-2 text-xs italic"
    >
      OnePunch
    </p>
  </div>
</div>
`;
